// Jest Snapshot v1, https://goo.gl/fbAQLP

exports[`SignUp snapshot should correctly render 1`] = `
.c5 {
  width: 100%;
  height: 100%;
  font-size: 20px;
  cursor: pointer;
  padding: 5px;
}

.c0 {
  width: 100%;
  height: 100%;
  display: -webkit-box;
  display: -webkit-flex;
  display: -ms-flexbox;
  display: flex;
  -webkit-align-items: center;
  -webkit-box-align: center;
  -ms-flex-align: center;
  align-items: center;
  -webkit-box-pack: center;
  -webkit-justify-content: center;
  -ms-flex-pack: center;
  justify-content: center;
  -webkit-flex-direction: column;
  -ms-flex-direction: column;
  flex-direction: column;
  background: azure;
}

.c1 {
  padding: NaNpx;
  font-size: NaNpx;
  color: black;
}

.c2 {
  display: -webkit-box;
  display: -webkit-flex;
  display: -ms-flexbox;
  display: flex;
  -webkit-align-items: center;
  -webkit-box-align: center;
  -ms-flex-align: center;
  align-items: center;
  -webkit-box-pack: center;
  -webkit-justify-content: center;
  -ms-flex-pack: center;
  justify-content: center;
}

.c3 {
  width: NaNpx;
  height: NaNpx;
  display: -webkit-box;
  display: -webkit-flex;
  display: -ms-flexbox;
  display: flex;
  -webkit-align-items: center;
  -webkit-box-align: center;
  -ms-flex-align: center;
  align-items: center;
  -webkit-flex-direction: column;
  -ms-flex-direction: column;
  flex-direction: column;
  -webkit-box-pack: space-around;
  -webkit-justify-content: space-around;
  -ms-flex-pack: space-around;
  justify-content: space-around;
}

.c4 {
  height: NaNpx;
  font-size: NaNpx;
  outline: none;
  padding: NaNpx;
}

<div
  className="c0"
  data-at="wrapper"
>
  <div
    className="c1"
    data-at="wrapper_header"
  >
    
  </div>
  <div
    className="c2"
    data-at="wrapper_content"
  >
    <form
      className="c3"
      data-at="content_form"
    >
      <input
        className="c4"
        data-at="form_input"
        placeholder=""
        required={true}
        title=""
        type="email"
      />
      <input
        className="c4"
        data-at="form_input"
        placeholder=""
        required={true}
        title=""
        type="password"
      />
      <input
        className="c4"
        data-at="form_input"
        placeholder=""
        required={true}
        title=""
        type="confirmThePassword"
      />
      <button
        className="c5"
        fontSize={20}
        type="button"
      >
        
      </button>
    </form>
  </div>
</div>
`;
